<?xml version="1.0" encoding="UTF-8"?>
<testsuites name="jest tests" tests="2" failures="0" errors="0" time="4.006">
  <testsuite name="USER UPDATE - /users/updateMe" errors="0" failures="0" skipped="0" timestamp="2025-05-02T03:39:11" time="3.695" tests="2">
    <testcase classname="USER UPDATE - /users/updateMe Should update the user and email" name="USER UPDATE - /users/updateMe Should update the user and email" time="0.206">
    </testcase>
    <testcase classname="USER UPDATE - /users/updateMe Should update the user and email" name="USER UPDATE - /users/updateMe Should update the user and email" time="0.233">
    </testcase>
  </testsuite>
</testsuites>