<?xml version="1.0" encoding="UTF-8"?>
<testsuites name="jest tests" tests="10" failures="0" errors="0" time="3.38">
  <testsuite name="USER UPDATE - /users/updateMe" errors="0" failures="0" skipped="9" timestamp="2025-05-09T03:22:47" time="3.075" tests="10">
    <testcase classname="USER UPDATE - /users/updateMe Should update the user and email" name="USER UPDATE - /users/updateMe Should update the user and email" time="0">
      <skipped/>
    </testcase>
    <testcase classname="USER UPDATE - /users/updateMe Should update the Photo" name="USER UPDATE - /users/updateMe Should update the Photo" time="0">
      <skipped/>
    </testcase>
    <testcase classname="HOMEWORK TESTING Reject password update via this route" name="HOMEWORK TESTING Reject password update via this route" time="0">
      <skipped/>
    </testcase>
    <testcase classname="HOMEWORK TESTING Reject updates without token" name="HOMEWORK TESTING Reject updates without token" time="0">
      <skipped/>
    </testcase>
    <testcase classname="HOMEWORK TESTING Reject invalid email format" name="HOMEWORK TESTING Reject invalid email format" time="0">
      <skipped/>
    </testcase>
    <testcase classname="HOMEWORK TESTING Reject requests with an invalid token" name="HOMEWORK TESTING Reject requests with an invalid token" time="0">
      <skipped/>
    </testcase>
    <testcase classname="HOMEWORK TESTING Successfully update the user and email" name="HOMEWORK TESTING Successfully update the user and email" time="0">
      <skipped/>
    </testcase>
    <testcase classname="HOMEWORK TESTING Successfully upload profile picture" name="HOMEWORK TESTING Successfully upload profile picture" time="0">
      <skipped/>
    </testcase>
    <testcase classname="HOMEWORK TESTING Ensure login still works after updates" name="HOMEWORK TESTING Ensure login still works after updates" time="0">
      <skipped/>
    </testcase>
    <testcase classname="CREATE TOUR Create tour" name="CREATE TOUR Create tour" time="0.656">
    </testcase>
  </testsuite>
</testsuites>